  console.log
    [dotenv@17.2.4] injecting env (9) from .env.test -- tip: ÔÜÖ´©Å  specify custom .env file path with { path: '/custom/path/.env' }

      at _log (node_modules/dotenv/lib/main.js:142:11)

node.exe : FAIL tests/u
sers/register.spec.ts
At line:1 char:1
+ & "C:\nvm4w\nodejs/no
de.exe" "C:\nvm4w\nodej
s/node_modules/npm/bin/
np ...
+ ~~~~~~~~~~~~~~~~~~~~~
~~~~~~~~~~~~~~~~~~~~~~~
~~~~~~~~~~~~~~~~~~~~~~~
~~
    + CategoryInfo     
         : NotSpecifi  
  ed: (FAIL tests/us   
 ers/register.spec.    
ts:String) [], Rem    
oteException
    + FullyQualifiedEr 
   rorId : NativeComm  
  andError
 
  POST/auth/register
    ÔêÜ should return 
valid json response 
(105 ms)
    ÔêÜ should persist 
the user in the db 
(112 ms)
    ├ù should return 
an id of the created 
user (101 ms)
    ÔêÜ should assign 
a customer role (104 
ms)
    ÔêÜ should store 
the hashed password in 
the database (100 ms)
    ÔêÜ should return 
400 status code if 
email alr exists (46 
ms)
    ├ù should return 
the access token and 
refresh token inside a 
cookie (114 ms)
    given all fields
      ├ù should return 
the 201 status code 
(161 ms)
    fields missing
      ÔêÜ should 
return 400 status code 
if email is missing 
(61 ms)
      ÔêÜ should 
return 400 status code 
if firstName is 
missing (41 ms)
      ÔêÜ should 
return 400 status code 
if lasttName is 
missing (31 ms)
      ÔêÜ should 
return 400 status code 
if password is missing 
(28 ms)
      ├ù should store 
the refresh token in 
the db (104 ms)
    Fields are not in 
proper format
      ÔêÜ should trim 
the email field (101 
ms)
      ÔêÜ should 
return 400 status code 
if email is not a 
valid format (33 ms)
      ÔêÜ should 
return 400 status code 
if password length is 
less than 8 chars (31 
ms)

  ÔùÅ 
POST/auth/register ÔÇ║ 
given all fields ÔÇ║ 
should return the 201 
status code

    expect(received).to
Be(expected) // 
Object.is equality

    Expected: 201
    Received: 500

    [0m [90m 39 
|[39m       
[36mconst[39m 
response [33m=[39m 
[36mawait[39m request
(app)[33m.[39mpost([
32m"/auth/register"[39
m)[33m.[39msend(userD
ata)[33m;[39m
     [90m 40 |[39m   
    [90m// assert[39m
    [31m[1m>[22m[39
m[90m 41 |[39m       
expect(response[33m.[
39mstatusCode)[33m.[3
9mtoBe([35m201[39m)[
33m;[39m
     [90m    |[39m   
                       
         
[31m[1m^[22m[39m
     [90m 42 |[39m   
  })[33m;[39m
     [90m 43 |[39m   
})[33m;[39m
     [90m 44 |[39m   
it([32m"should return 
valid json response"[3
9m[33m,[39m 
[36masync[39m () 
[33m=>[39m {[0m

      at Object.toBe (t
ests/users/register.spe
c.ts:41:35)

  ÔùÅ 
POST/auth/register ÔÇ║ 
should return an id of 
the created user

    expect(received).to
Be(expected) // 
Object.is equality

    Expected: 201
    Received: 500

    [0m [90m 86 
|[39m     
[36mconst[39m 
response [33m=[39m 
[36mawait[39m request
(app)[33m.[39mpost([
32m"/auth/register"[39
m)[33m.[39msend(userD
ata)[33m;[39m
     [90m 87 |[39m
    [31m[1m>[22m[39
m[90m 88 |[39m     ex
pect(response[33m.[39
mstatusCode)[33m.[39m
toBe([35m201[39m)[33
m;[39m
     [90m    |[39m   
                       
       
[31m[1m^[22m[39m
     [90m 89 |[39m   
  expect(response[33m.
[39mbody)[33m.[39mto
HaveProperty([32m"id"
[39m)[33m;[39m 
[90m// check ID 
exists[39m
     [90m 90 |[39m   
  expect([36mtypeof[3
9m response[33m.[39mb
ody[33m.[39mid)[33m.
[39mtoBe([32m"number"
[39m)[33m;[39m 
[90m// check type[39m
     [90m 91 |[39m   
})[33m;[39m[0m

      at Object.toBe (t
ests/users/register.spe
c.ts:88:33)

  ÔùÅ 
POST/auth/register ÔÇ║ 
should return the 
access token and 
refresh token inside a 
cookie

    expect(received).no
t.toBeNull()

    Received: null

    [0m [90m 175 
|[39m   })[33m;[39m
     [90m 176 |[39m
    [31m[1m>[22m[39
m[90m 177 |[39m   exp
ect(accessToken)[33m.
[39mnot[33m.[39mtoBeN
ull()[33m;[39m
     [90m     |[39m  
                       
  [31m[1m^[22m[39m
     [90m 178 |[39m  
 expect(refreshToken)[
33m.[39mnot[33m.[39m
toBeNull()[33m;[39m
     [90m 179 |[39m  
 expect(isJWT(accessTok
en))[33m.[39mtoBeTrut
hy()
     [90m 180 |[39m  
 expect(isJWT(refreshTo
ken))[33m.[39mtoBeTru
thy()[0m

      at 
Object.toBeNull (tests/
users/register.spec.ts:
177:27)

  ÔùÅ 
POST/auth/register ÔÇ║ 
fields missing ÔÇ║ 
should store the 
refresh token in the db

    expect(received).to
HaveLength(expected)

    Expected length: 1
    Received length: 0
    Received array:  []

    [0m [90m 271 
|[39m
     [90m 272 |[39m  
     [36mconst[39m 
token [33m=[39m 
[36mawait[39m refresh
TokenRepo[33m.[39mcre
ateQueryBuilder([32m"r
efreshToken"[39m)[33m
.[39mwhere([32m"refre
shToken.userId=:userId"
[39m[33m,[39m {userI
d[33m:[39mresponse[3
3m.[39mbody[33m.[39m
id})[33m.[39mgetMany(
)
    [31m[1m>[22m[39
m[90m 273 |[39m      
 expect(token)[33m.[3
9mtoHaveLength([35m1[
39m)
     [90m     |[39m  
                   
[31m[1m^[22m[39m
     [90m 274 |[39m
     [90m 275 |[39m  
   })
     [90m 276 |[39m  
 })[33m;[39m[0m

      at 
Object.toHaveLength (te
sts/users/register.spec
.ts:273:21)

Test Suites: 1 failed, 
1 total
Tests:       4 failed, 
12 passed, 16 total
Snapshots:   0 total
Time:        2.497 s
Ran all test suites 
matching tests/users/re
gister.spec.ts.
